// Vitest Snapshot v1, https://vitest.dev/guide/snapshot.html

exports[`@lumora-ui/core > keeps a stable CSS snapshot for primary controls 1`] = `
{
  "button": {
    "alignItems": "center",
    "appearance": "none",
    "backgroundColor": "var(--lm-color-surface)",
    "backgroundImage": "linear-gradient(180deg, color-mix(in oklab, var(--lm-color-text) 0%, transparent), color-mix(in oklab, var(--lm-color-text) 4%, transparent))",
    "border": "1px solid var(--lm-color-border-strong)",
    "borderRadius": "var(--lm-radius-md)",
    "boxShadow": "var(--lm-shadow-sm), inset 0 1px 0 rgb(255 255 255 / 0.06)",
    "color": "var(--lm-color-text)",
    "cursor": "pointer",
    "display": "inline-flex",
    "fontWeight": "600",
    "gap": "calc(0.5rem * var(--lm-density))",
    "justifyContent": "center",
    "letterSpacing": "-0.005em",
    "lineHeight": "1",
    "minHeight": "calc(2.5rem * var(--lm-density))",
    "padding": "0 calc(1rem * var(--lm-density))",
    "textDecoration": "none",
    "transition": "background-color var(--lm-duration-base) var(--lm-ease-out), border-color var(--lm-duration-base) var(--lm-ease-out), color var(--lm-duration-base) var(--lm-ease-out), box-shadow var(--lm-duration-base) var(--lm-ease-out), transform var(--lm-duration-base) var(--lm-ease-out), opacity var(--lm-duration-base) var(--lm-ease-out)",
    "userSelect": "none",
    "whiteSpace": "nowrap",
  },
  "card": {
    "backgroundColor": "var(--lm-color-surface)",
    "border": "1px solid var(--lm-color-border)",
    "borderRadius": "var(--lm-radius-lg)",
    "boxShadow": "var(--lm-shadow-sm)",
    "color": "var(--lm-color-text)",
    "overflow": "hidden",
    "transition": "background-color var(--lm-duration-base) var(--lm-ease-out), border-color var(--lm-duration-base) var(--lm-ease-out), color var(--lm-duration-base) var(--lm-ease-out), box-shadow var(--lm-duration-base) var(--lm-ease-out), transform var(--lm-duration-base) var(--lm-ease-out), opacity var(--lm-duration-base) var(--lm-ease-out)",
  },
  "density": {
    "--lm-density": "0.88",
  },
  "input": {
    "appearance": "none",
    "backgroundColor": "var(--lm-color-surface)",
    "border": "1px solid var(--lm-color-border-strong)",
    "borderRadius": "var(--lm-radius-md)",
    "boxShadow": "inset 0 0 0 1px var(--lm-color-border)",
    "color": "var(--lm-color-text)",
    "fontSize": "0.875rem",
    "minHeight": "calc(2.5rem * var(--lm-density))",
    "padding": "0 calc(0.75rem * var(--lm-density))",
    "transition": "background-color var(--lm-duration-base) var(--lm-ease-out), border-color var(--lm-duration-base) var(--lm-ease-out), color var(--lm-duration-base) var(--lm-ease-out), box-shadow var(--lm-duration-base) var(--lm-ease-out), transform var(--lm-duration-base) var(--lm-ease-out), opacity var(--lm-duration-base) var(--lm-ease-out)",
    "width": "100%",
  },
  "primary": {
    "backgroundColor": "var(--lm-color-primary)",
    "backgroundImage": "linear-gradient(180deg, color-mix(in oklab, var(--lm-color-primary) 92%, white), var(--lm-color-primary))",
    "borderColor": "color-mix(in oklab, var(--lm-color-primary) 80%, black)",
    "boxShadow": "var(--lm-shadow-sm), inset 0 1px 0 rgb(255 255 255 / 0.18), 0 1px 0 rgb(0 0 0 / 0.04)",
    "color": "var(--lm-color-primary-fg)",
  },
  "states": {
    "buttonLoading": {
      "color": "transparent",
      "pointerEvents": "none",
      "position": "relative",
    },
    "dropdownClosed": {
      "display": "none",
    },
    "inputInvalid": {
      "borderColor": "var(--lm-color-danger)",
      "boxShadow": "0 0 0 1px var(--lm-color-danger)",
    },
  },
}
`;
